// Jest Snapshot v1, https://goo.gl/fbAQLP

exports[`the fist test Renders Correctly 1`] = `
<div
  className="driverlist"
  style={
    Object {
      "display": "flex",
      "flexDirection": "column",
    }
  }
>
  <div
    style={
      Object {
        "color": "red",
        "display": "flex",
        "flexDirection": "column",
        "fontSize": 20,
        "height": 50,
        "width": 300,
      }
    }
  >
    Driver ID: 9823983445
  </div>
  <div
    style={
      Object {
        "color": "red",
        "display": "flex",
        "flexDirection": "column",
        "fontSize": 20,
        "height": 50,
        "width": 300,
      }
    }
  >
    Driver ID: 8376587365
  </div>
  <div
    style={
      Object {
        "color": "red",
        "display": "flex",
        "flexDirection": "column",
        "fontSize": 20,
        "height": 50,
        "width": 300,
      }
    }
  >
    Driver ID: 456457568
  </div>
</div>
`;
