// Jest Snapshot v1, https://goo.gl/fbAQLP

exports[`DriverList test Renders Correctly 1`] = `
<div
  className="driverlist"
  style={
    Object {
      "display": "flex",
      "flexDirection": "column",
      "marginLeft": 50,
    }
  }
>
  <div
    className="badge badge-secondary"
    style={
      Object {
        "color": "red",
        "display": "flex",
        "flexDirection": "column",
        "fontSize": 20,
        "height": 50,
        "margin": 10,
        "textAlign": "left",
        "width": 300,
      }
    }
  >
    Driver ID: 9823983445
  </div>
  <div
    className="badge badge-secondary"
    style={
      Object {
        "color": "red",
        "display": "flex",
        "flexDirection": "column",
        "fontSize": 20,
        "height": 50,
        "margin": 10,
        "textAlign": "left",
        "width": 300,
      }
    }
  >
    Driver ID: 8376587365
  </div>
  <div
    className="badge badge-secondary"
    style={
      Object {
        "color": "red",
        "display": "flex",
        "flexDirection": "column",
        "fontSize": 20,
        "height": 50,
        "margin": 10,
        "textAlign": "left",
        "width": 300,
      }
    }
  >
    Driver ID: 456457568
  </div>
</div>
`;
