// Jest Snapshot v1, https://goo.gl/fbAQLP

exports[`Driver test Renders Correctly 1`] = `
<div
  className="badge badge-secondary"
  style={
    Object {
      "color": "red",
      "display": "flex",
      "flexDirection": "column",
      "fontSize": 20,
      "height": 50,
      "margin": 10,
      "textAlign": "left",
      "width": 300,
    }
  }
>
  Driver ID: undefined
</div>
`;
