// Jest Snapshot v1, https://goo.gl/fbAQLP

exports[`the fist test Renders Correctly 1`] = `
<div
  style={
    Object {
      "color": "red",
      "display": "flex",
      "flexDirection": "column",
      "fontSize": 20,
      "height": 50,
      "width": 300,
    }
  }
>
  Driver ID: undefined
</div>
`;
