// Jest Snapshot v1, https://goo.gl/fbAQLP

exports[`OrderCardList test Renders Correctly 1`] = `
<div
  className="ordercardlist"
  style={
    Object {
      "display": "flex",
      "flexDirection": "column",
    }
  }
>
  <div
    className="card"
    onClick={[Function]}
    style={
      Object {
        "backgroundColor": "white",
        "color": "grey",
        "display": "flex",
        "flexDirection": "column",
        "fontSize": 9,
        "height": 200,
        "width": 200,
      }
    }
  >
    <div
      className="card-body"
    >
      <h5
        className="card-title"
      >
        Order 12345
         
      </h5>
      <p>
        Pickup Time: Mon Apr 29 2019
      </p>
      <div>
        <p>
          Pickup Address (free text)
        </p>
        <form>
          <input
            defaultValue="51.5325764, -0.0578597"
            onBlur={[Function]}
            type="text"
          />
        </form>
      </div>
      <div>
        <div>
          <div>
            Package Dimensions
          </div>
          <div>
            W: 1000mm
          </div>
          <div>
            H: 1000mm
          </div>
          <div>
            L: 1000mm
          </div>
        </div>
      </div>
    </div>
  </div>
  <div
    className="card"
    onClick={[Function]}
    style={
      Object {
        "backgroundColor": "white",
        "color": "grey",
        "display": "flex",
        "flexDirection": "column",
        "fontSize": 9,
        "height": 200,
        "width": 200,
      }
    }
  >
    <div
      className="card-body"
    >
      <h5
        className="card-title"
      >
        Order 678910
         
      </h5>
      <p>
        Pickup Time: Mon Apr 29 2019
      </p>
      <div>
        <p>
          Pickup Address (free text)
        </p>
        <form>
          <input
            defaultValue="51.55423, -0.03238"
            onBlur={[Function]}
            type="text"
          />
        </form>
      </div>
      <div>
        <div>
          <div>
            Package Dimensions
          </div>
          <div>
            W: 1000mm
          </div>
          <div>
            H: 1000mm
          </div>
          <div>
            L: 1000mm
          </div>
        </div>
      </div>
    </div>
  </div>
</div>
`;
